[0m11:45:38.093804 [debug] [MainThread]: Sending event: {'category': 'dbt', 'action': 'invocation', 'label': 'start', 'context': [<snowplow_tracker.self_describing_json.SelfDescribingJson object at 0x000001B69CE574D0>, <snowplow_tracker.self_describing_json.SelfDescribingJson object at 0x000001B69CC9FEF0>, <snowplow_tracker.self_describing_json.SelfDescribingJson object at 0x000001B69CC9FFE0>]}


============================== 11:45:38.093804 | d6748643-eae2-4d3a-aa90-2d13c171aa47 ==============================
[0m11:45:38.093804 [info ] [MainThread]: Running with dbt=1.12.5
[0m11:45:38.093804 [debug] [MainThread]: running dbt with arguments {'version_check': 'True', 'no_print': 'None', 'maximum_seed_size_mib': '1', 'target_path': 'None', 'warn_error_options': 'WarnErrorOptionsV2(error=[], warn=[], silence=[])', 'static_parser': 'True', 'printer_width': '80', 'write_json': 'True', 'introspect': 'True', 'log_cache_events': 'False', 'empty': 'None', 'cache_selected_only': 'False', 'fail_fast': 'False', 'debug': 'False', 'log_format': 'default', 'profiles_dir': 'C:\\Users\\Sajin Siyad\\.dbt', 'send_anonymous_usage_stats': 'True', 'quiet': 'False', 'warn_error': 'None', 'partial_parse': 'True', 'indirect_selection': 'eager', 'hints_enabled': 'True', 'invocation_command': 'dbt test -select silver_t', 'use_experimental_parser': 'False', 'use_colors': 'True', 'log_path': 'logs'}
[0m11:45:38.093804 [error] [MainThread]: [[31mERROR[0m]: Encountered an error:
Runtime Error
  No dbt_project.yml found at expected path C:\Users\Sajin Siyad\Documents\Saju\Studies\DE projects\Walmart_proj_DBT\airflow_dbt_project\dbt_project.yml
  Verify that each entry within packages.yml (and their transitive dependencies) contains a file named dbt_project.yml
  
[0m11:45:38.093804 [debug] [MainThread]: Command `dbt test` failed at 11:45:38.093804 after 0.27 seconds
[0m11:45:38.093804 [debug] [MainThread]: Sending event: {'category': 'dbt', 'action': 'invocation', 'label': 'end', 'context': [<snowplow_tracker.self_describing_json.SelfDescribingJson object at 0x000001B69CBA63C0>, <snowplow_tracker.self_describing_json.SelfDescribingJson object at 0x000001B69CE574D0>, <snowplow_tracker.self_describing_json.SelfDescribingJson object at 0x000001B69B156D80>]}
[0m11:45:38.093804 [debug] [MainThread]: Flushing usage events
[0m11:45:38.682251 [debug] [MainThread]: An error was encountered while trying to flush usage events
[0m12:52:02.307330 [debug] [MainThread]: Sending event: {'category': 'dbt', 'action': 'invocation', 'label': 'start', 'context': [<snowplow_tracker.self_describing_json.SelfDescribingJson object at 0x0000019C76A82060>, <snowplow_tracker.self_describing_json.SelfDescribingJson object at 0x0000019C76206D80>, <snowplow_tracker.self_describing_json.SelfDescribingJson object at 0x0000019C7B10D7F0>]}


============================== 12:52:02.310849 | e9f8e2c9-26e1-4841-91ed-cdc7714aecae ==============================
[0m12:52:02.310849 [info ] [MainThread]: Running with dbt=1.12.5
[0m12:52:02.311860 [debug] [MainThread]: running dbt with arguments {'version_check': 'True', 'no_print': 'None', 'static_parser': 'True', 'warn_error_options': 'WarnErrorOptionsV2(error=[], warn=[], silence=[])', 'target_path': 'None', 'maximum_seed_size_mib': '1', 'printer_width': '80', 'write_json': 'True', 'introspect': 'True', 'log_cache_events': 'False', 'empty': 'None', 'cache_selected_only': 'False', 'fail_fast': 'False', 'debug': 'False', 'log_format': 'default', 'partial_parse': 'True', 'send_anonymous_usage_stats': 'True', 'quiet': 'False', 'warn_error': 'None', 'profiles_dir': 'C:\\Users\\Sajin Siyad\\.dbt', 'indirect_selection': 'eager', 'hints_enabled': 'True', 'use_colors': 'True', 'use_experimental_parser': 'False', 'invocation_command': 'dbt source freshness', 'log_path': 'logs'}
[0m12:52:02.311860 [error] [MainThread]: [[31mERROR[0m]: Encountered an error:
Runtime Error
  No dbt_project.yml found at expected path C:\Users\Sajin Siyad\Documents\Saju\Studies\DE projects\Walmart_proj_DBT\airflow_dbt_project\dbt_project.yml
  Verify that each entry within packages.yml (and their transitive dependencies) contains a file named dbt_project.yml
  
[0m12:52:02.313860 [debug] [MainThread]: Command `dbt source freshness` failed at 12:52:02.312856 after 0.18 seconds
[0m12:52:02.313860 [debug] [MainThread]: Sending event: {'category': 'dbt', 'action': 'invocation', 'label': 'end', 'context': [<snowplow_tracker.self_describing_json.SelfDescribingJson object at 0x0000019C7B2CBEF0>, <snowplow_tracker.self_describing_json.SelfDescribingJson object at 0x0000019C76A82060>, <snowplow_tracker.self_describing_json.SelfDescribingJson object at 0x0000019C7B0A48C0>]}
[0m12:52:02.314572 [debug] [MainThread]: Flushing usage events
[0m12:52:02.880856 [debug] [MainThread]: An error was encountered while trying to flush usage events
